<html>
<body>
<pre>
<h1>礦ision Build Log</h1>
<h2>Tool Versions:</h2>
IDE-Version: μVision V5.14.0.0
Copyright (C) 2015 ARM Ltd and ARM Germany GmbH. All rights reserved.
License Information: 123 Administrator, 123, LIC=NHYII-TEDC7-JP4ZQ-NUNW8-7NG0M-CIA9R
 
Tool Versions:
Toolchain:       MDK-ARM Professional  Version: 5.14.0.0
Toolchain Path:  E:\keil5\ARM\ARMCC\Bin
C Compiler:      Armcc.exe V5.05 update 1 (build 106)
Assembler:       Armasm.exe V5.05 update 1 (build 106)
Linker/Locator:  ArmLink.exe V5.05 update 1 (build 106)
Library Manager: ArmAr.exe V5.05 update 1 (build 106)
Hex Converter:   FromElf.exe V5.05 update 1 (build 106)
CPU DLL:         SARMCM3.DLL V5.14.0.0
Dialog DLL:      DCM.DLL V1.13.1.0
Target DLL:      STLink\ST-LINKIII-KEIL_SWO.dll V2.0.14.0_KEIL
Dialog DLL:      TCM.DLL V1.14.4.0
 
<h2>Project:</h2>
E:\板球系统\滚球控制系统源代码\实验板球系统\USER\OV2640.uvprojx
Project File Date:  05/14/2018

<h2>Output:</h2>
Build target 'OV2640'
compiling main.c...
main.c(236): warning:  #1035-D: single-precision operand implicitly converted to double-precision
                                if((pid_y.Actual-13.0)>0)
main.c(241): warning:  #1035-D: single-precision operand implicitly converted to double-precision
                                if((pid_y.Actual-13.0)<0)
main.c(246): warning:  #1035-D: single-precision operand implicitly converted to double-precision
                                if((pid_x.Actual-130.0)>0)
main.c(251): warning:  #1035-D: single-precision operand implicitly converted to double-precision
                                if((pid_x.Actual-130.0)<0)
main.c(293): warning:  #1035-D: single-precision operand implicitly converted to double-precision
                                if((pid_y.Actual-67.0)>0)
main.c(298): warning:  #1035-D: single-precision operand implicitly converted to double-precision
                                if((pid_y.Actual-67.0)<0)
main.c(303): warning:  #1035-D: single-precision operand implicitly converted to double-precision
                                if((pid_x.Actual-120.0)>0)
main.c(308): warning:  #1035-D: single-precision operand implicitly converted to double-precision
                                if((pid_x.Actual-120.0)<0)
main.c(351): warning:  #1035-D: single-precision operand implicitly converted to double-precision
                                if((pid_y.Actual-124.0)>0)
main.c(356): warning:  #1035-D: single-precision operand implicitly converted to double-precision
                                if((pid_y.Actual-124.0)<0)
main.c(361): warning:  #1035-D: single-precision operand implicitly converted to double-precision
                                if((pid_x.Actual-135.0)>0)
main.c(366): warning:  #1035-D: single-precision operand implicitly converted to double-precision
                                if((pid_x.Actual-135.0)<0)
main.c(409): warning:  #1035-D: single-precision operand implicitly converted to double-precision
                                if((pid_y.Actual-13.0)>0)
main.c(414): warning:  #1035-D: single-precision operand implicitly converted to double-precision
                                if((pid_y.Actual-13.0)<0)
main.c(419): warning:  #1035-D: single-precision operand implicitly converted to double-precision
                                if((pid_x.Actual-68.0)>0)
main.c(424): warning:  #1035-D: single-precision operand implicitly converted to double-precision
                                if((pid_x.Actual-68.0)<0)
main.c(469): warning:  #1035-D: single-precision operand implicitly converted to double-precision
                                if((pid_y.Actual-70.0)>0)
main.c(474): warning:  #1035-D: single-precision operand implicitly converted to double-precision
                                if((pid_y.Actual-70.0)<0)
main.c(479): warning:  #1035-D: single-precision operand implicitly converted to double-precision
                                if((pid_x.Actual-63.0)>0)
main.c(484): warning:  #1035-D: single-precision operand implicitly converted to double-precision
                                if((pid_x.Actual-63.0)<0)
main.c(527): warning:  #1035-D: single-precision operand implicitly converted to double-precision
                                if((pid_y.Actual-120.0)>0)
main.c(532): warning:  #1035-D: single-precision operand implicitly converted to double-precision
                                if((pid_y.Actual-120.0)<0)
main.c(537): warning:  #1035-D: single-precision operand implicitly converted to double-precision
                                if((pid_x.Actual-62.0)>0)
main.c(542): warning:  #1035-D: single-precision operand implicitly converted to double-precision
                                if((pid_x.Actual-62.0)<0)
main.c(586): warning:  #1035-D: single-precision operand implicitly converted to double-precision
                                if((pid_y.Actual-13.0)>0)
main.c(591): warning:  #1035-D: single-precision operand implicitly converted to double-precision
                                if((pid_y.Actual-13.0)<0)
main.c(596): warning:  #1035-D: single-precision operand implicitly converted to double-precision
                                if((pid_x.Actual-25.0)>0)
main.c(601): warning:  #1035-D: single-precision operand implicitly converted to double-precision
                                if((pid_x.Actual-25.0)<0)
main.c(644): warning:  #1035-D: single-precision operand implicitly converted to double-precision
                                if((pid_y.Actual-59.0)>0)
main.c(649): warning:  #1035-D: single-precision operand implicitly converted to double-precision
                                if((pid_y.Actual-59.0)<0)
main.c(654): warning:  #1035-D: single-precision operand implicitly converted to double-precision
                                if((pid_x.Actual-22.0)>0)
main.c(659): warning:  #1035-D: single-precision operand implicitly converted to double-precision
                                if((pid_x.Actual-22.0)<0)
main.c(703): warning:  #1035-D: single-precision operand implicitly converted to double-precision
                                if((pid_y.Actual-110.0)>0)
main.c(708): warning:  #1035-D: single-precision operand implicitly converted to double-precision
                                if((pid_y.Actual-110.0)<0)
main.c(713): warning:  #1035-D: single-precision operand implicitly converted to double-precision
                                if((pid_x.Actual-20.0)>0)
main.c(718): warning:  #1035-D: single-precision operand implicitly converted to double-precision
                                if((pid_x.Actual-20.0)<0)
main.c(763): warning:  #1035-D: single-precision operand implicitly converted to double-precision
                                if((pid_y.Actual-40.0)>0)
main.c(768): warning:  #1035-D: single-precision operand implicitly converted to double-precision
                                if((pid_y.Actual-40.0)<0)
main.c(773): warning:  #1035-D: single-precision operand implicitly converted to double-precision
                                if((pid_x.Actual-64.0)>0)
main.c(778): warning:  #1035-D: single-precision operand implicitly converted to double-precision
                                if((pid_x.Actual-64.0)<0)
main.c(822): warning:  #1035-D: single-precision operand implicitly converted to double-precision
                                if((pid_y.Actual-76.0)>0)
main.c(827): warning:  #1035-D: single-precision operand implicitly converted to double-precision
                                if((pid_y.Actual-76.0)<0)
main.c(832): warning:  #1035-D: single-precision operand implicitly converted to double-precision
                                if((pid_x.Actual-51.0)>0)
main.c(837): warning:  #1035-D: single-precision operand implicitly converted to double-precision
                                if((pid_x.Actual-51.0)<0)
main.c(882): warning:  #1035-D: single-precision operand implicitly converted to double-precision
                                if((pid_y.Actual-40.0)>0)
main.c(887): warning:  #1035-D: single-precision operand implicitly converted to double-precision
                                if((pid_y.Actual-40.0)<0)
main.c(892): warning:  #1035-D: single-precision operand implicitly converted to double-precision
                                if((pid_x.Actual-94.0)>0)
main.c(897): warning:  #1035-D: single-precision operand implicitly converted to double-precision
                                if((pid_x.Actual-94.0)<0)
main.c(943): warning:  #1035-D: single-precision operand implicitly converted to double-precision
                                if((pid_y.Actual-94.0)>0)
main.c(948): warning:  #1035-D: single-precision operand implicitly converted to double-precision
                                if((pid_y.Actual-94.0)<0)
main.c(953): warning:  #1035-D: single-precision operand implicitly converted to double-precision
                                if((pid_x.Actual-44.0)>0)
main.c(958): warning:  #1035-D: single-precision operand implicitly converted to double-precision
                                if((pid_x.Actual-44.0)<0)
main.c(1002): warning:  #1035-D: single-precision operand implicitly converted to double-precision
                                if((pid_y.Actual-50.0)>0)
main.c(1007): warning:  #1035-D: single-precision operand implicitly converted to double-precision
                                if((pid_y.Actual-50.0)<0)
main.c(1012): warning:  #1035-D: single-precision operand implicitly converted to double-precision
                                if((pid_x.Actual-50.0)>0)
main.c(1017): warning:  #1035-D: single-precision operand implicitly converted to double-precision
                                if((pid_x.Actual-50.0)<0)
main.c(1062): warning:  #1035-D: single-precision operand implicitly converted to double-precision
                                if((pid_y.Actual-94.0)>0)
main.c(1067): warning:  #1035-D: single-precision operand implicitly converted to double-precision
                                if((pid_y.Actual-94.0)<0)
main.c(1072): warning:  #1035-D: single-precision operand implicitly converted to double-precision
                                if((pid_x.Actual-94.0)>0)
main.c(1077): warning:  #1035-D: single-precision operand implicitly converted to double-precision
                                if((pid_x.Actual-94.0)<0)
main.c(1122): warning:  #1035-D: single-precision operand implicitly converted to double-precision
                                if((pid_y.Actual-83.0)>0)
main.c(1127): warning:  #1035-D: single-precision operand implicitly converted to double-precision
                                if((pid_y.Actual-83.0)<0)
main.c(1132): warning:  #1035-D: single-precision operand implicitly converted to double-precision
                                if((pid_x.Actual-63.0)>0)
main.c(1137): warning:  #1035-D: single-precision operand implicitly converted to double-precision
                                if((pid_x.Actual-63.0)<0)
main.c(1180): warning:  #1035-D: single-precision operand implicitly converted to double-precision
                                if((pid_y.Actual-72.0)>0)
main.c(1185): warning:  #1035-D: single-precision operand implicitly converted to double-precision
                                if((pid_y.Actual-72.0)<0)
main.c(1190): warning:  #1035-D: single-precision operand implicitly converted to double-precision
                                if((pid_x.Actual-86.0)>0)
main.c(1195): warning:  #1035-D: single-precision operand implicitly converted to double-precision
                                if((pid_x.Actual-86.0)<0)
main.c(27): warning:  #177-D: variable "aimx" was declared but never referenced
  static float aimx=0;
main.c(28): warning:  #177-D: variable "aimy" was declared but never referenced
  static float aimy=0;
main.c: 70 warnings, 0 errors
linking...
Program Size: Code=44004 RO-data=7872 RW-data=528 ZI-data=43408  
FromELF: creating hex file...
"..\OBJ\OV2640.axf" - 0 Error(s), 70 Warning(s).

<h2>Collection of Component include folders:</h2>
  E:\板球系统\滚球控制系统源代码\实验板球系统\USER\RTE
  E:\keil5\ARM\PACK\Keil\STM32F4xx_DFP\1.0.8\Device\Include

<h2>Collection of Component Files used:</h2>
</pre>
</body>
</html>
